apns-1.0.0.Beta3.jar=BSD
appframework-1.0.3.jar=LGPL-2.1
asm-all-5.1.jar=BSD
avalon-framework-4.2.0.jar=Apache-2.0
base64.js=MIT
batik-all-1.8.jar=Apache-2.0
bcpkix-jdk15on-152.jar=The Legion of the Bouncy Castle License
bcprov-ext-jdk15on-152.jar=The Legion of the Bouncy Castle License
byte-buddy-1.7.9.jar=Apache-2.0
cache-api-1.0.0.jar=Apache-2.0
ch-commons-charset-3.0.2.jar=Apache-2.0
ch-commons-util-6.0.4.jar=Apache-2.0
ch-smpp-5.0.9.jar=Apache-2.0
chartist.js=DO WHAT THE FUCK YOU WANT TO PUBLIC LICENSE
client-combined-3.11.0.jar=Apache-2.0
com.lowagie.text-2.1.7.jar=EPL-1.0
commons-codec-1.10.jar=Apache-2.0
commons-exec-1.3.jar=Apache-2.0
commons-fileupload-1.3.jar=Apache-2.0
commons-httpclient-3.1.jar=Apache-2.0
commons-io-1.3.1.jar=Apache-2.0
commons-io-2.4.jar=Apache-2.0
commons-lang-2.6.jar=Apache-2.0
commons-logging-1.1.1.jar=Apache-2.0
cxf-2.7.5.jar=Apache-2.0
derby.jar=Apache-2.0
gson-2.8.2.jar=Apache-2.0
guava-23.6-jre.jar=Apache-2.0
flot.js=MIT
fontbox-1.8.5.jar=Apache-2.0
fop.jar=Apache-2.0
httpasyncclient-4.0-beta3.jar=Apache-2.0
httpclient-4.2.1.jar=Apache-2.0
httpclient-4.5.1.jar=Apache-2.0
httpcore-4.2.2.jar=Apache-2.0
httpcore-4.4.3.jar=Apache-2.0
httpcore-nio-4.2.2.jar=Apache-2.0
ignite-core-1.9.0.jar=Apache-2.0
ignite-log4j-1.9.0.jar=Apache-2.0
imq.jar=CDDL-1.0; GPL-2.0
jackson-annotations-2.1.4.jar=Apache-2.0
jackson-core-2.1.4.jar=Apache-2.0
jackson-databind-2.1.4.jar=Apache-2.0
java-sane.jar=LGPL-3
javadbf-1.4.0.jar=LGPL-3
jcommon-1.0.10.jar=LGPL-2.1
jettison-1.1.jar=Apache-2.0
jfreechart-1.0.6.jar=LGPL-3
jms-1.1-api.jar=Apache-2.0
jms.jar=Apache-2.0
jna-4.1.0.jar=LGPL-2.1
joda-time-2.9.9.jar=Apache-2.0
jquery-2.1.3.min.js=MIT
jquery-layout.min.js=MIT
jquery-migrate-1.2.1.js=MIT
jquery-ui.min.js=MIT
jquery.hotkeys-0.7.9.min.js=MIT
jquery.ui.datepicker-ru.js=MIT
jscolor.js=LGPL-3
json_simple-1.1.jar=Apache-2.0
jsoup-1.10.2.jar=MIT
kafka-clients-0.11.0.2.jar=Apache-2.0
log4j-1.2.16.jar=Apache-2.0
mail.jar=CDDL-1.0; BSD; GPL-2.0; GNU-Classpath
miglayout-3.7-swing.jar=BSD; GPL-2.0
mockito-all-1.8.5.jar=MIT
neethi-3.0.2.jar=Apache-2.0
netty-3.10.6.Final.jar=Apache-2.0
okhttp-3.9.1.jar=Apache-2.0
okio-1.13.0.jar=Apache-2.0
org.eclipse.equinox.common_3.6.200.v20130402-1505.jar=EPL-1.0
org.eclipse.jdt.core_3.9.2.v20140114-1555.jar=EPL-1.0
org.eclipse.text_3.5.300.v20130515-1451.jar=EPL-1.0
poi-3.11-20141221.jar=Apache-2.0
poi-ooxml-3.11-20141221.jar=Apache-2.0
poi-ooxml-schemas-3.11-20141221.jar=Apache-2.0
qtjambi.jar=LGPL-2.1
rabbitmq-client.jar=MPL-1.1
rxtx-for-radix-1.1.jar=LGPL-2.1
serializer.jar=Apache-2.0
servlet-api.jar=Apache-2.0
slf4j-api-1.7.2.jar=MIT
slf4j-log4j12-1.7.2.jar=MIT
smppapi-0.3.9.jar=LGPL-2.1
smslib.jar=Apache-2.0
snmp4j-2.2.3.jar=Apache-2.0
snmp4j-agent-2.0.10a.jar=Apache-2.0
stax2-api-3.1.1.jar=BSD
swing-layout-1.0.3.jar=LGPL-2.1
swing-worker-1.1.jar=LGPL-2.1
swingx-1.6.4.jar=LGPL-2.1
trilead-ssh2-1.0.0-build217.jar=TRILEAD-LICENSE
twitter4j-core-2.2.5.jar=Apache-2.0
woodstox-core-asl-4.2.0.jar=Apache-2.0
ws-commons-util-1.0.2.jar=Apache-2.0
wsdl4j-1.6.3.jar=CPL-1.0
wss4j-1.6.10.jar=Apache-2.0
xalan-for-radix-1.0.jar=Apache-2.0
xbean.jar=Apache-2.0
xbean_xpath.jar=Apache-2.0
xml-apis-1.3.04.jar=Apache-2.0
xml-apis-ext-1.3.04.jar=Apache-2.0
xmlgraphics-commons-2.1.jar=Apache-2.0
xmlrpc-client-3.1.3.jar=Apache-2.0
xmlrpc-common-3.1.3.jar=Apache-2.0
xmlrpc-server-3.1.3.jar=Apache-2.0
xmlschema-core-2.0.3.jar=Apache-2.0
xmlsec-1.5.4.jar=Apache-2.0
xsltc.jar=Apache-2.0
